interactions:
- request:
    body: null
    headers:
      Accept:
      - application/json
      Accept-Encoding:
      - gzip, deflate
      CommandName:
      - keyvault create
      Connection:
      - keep-alive
      ParameterSetName:
      - --resource-group --location --name --enable-rbac-authorization
      User-Agent:
      - AZURECLI/2.57.0 azsdk-python-core/1.28.0 Python/3.11.5 (macOS-14.3-x86_64-i386-64bit)
    method: GET
    uri: https://management.azure.com/subscriptions/00000000-0000-0000-0000-000000000000/resourceGroups/clitest000001/providers/Microsoft.KeyVault/vaults/cliakstestkv000002?api-version=2023-02-01
  response:
    body:
      string: '{"error":{"code":"ResourceNotFound","message":"The Resource ''Microsoft.KeyVault/vaults/cliakstestkv000002''
        under resource group ''clitest000001'' was not found. For more details please
        go to https://aka.ms/ARMResourceNotFoundFix"}}'
    headers:
      cache-control:
      - no-cache
      content-length:
      - '229'
      content-type:
      - application/json; charset=utf-8
      date:
      - Mon, 26 Feb 2024 21:02:06 GMT
      expires:
      - '-1'
      pragma:
      - no-cache
      strict-transport-security:
      - max-age=31536000; includeSubDomains
      x-cache:
      - CONFIG_NOCACHE
      x-content-type-options:
      - nosniff
      x-ms-failure-cause:
      - gateway
      x-msedge-ref:
      - 'Ref A: 28538C492CC042D7BBADC4679F600C70 Ref B: BN1AA2051015031 Ref C: 2024-02-26T21:02:06Z'
    status:
      code: 404
      message: Not Found
- request:
    body: '{"location": "eastus", "properties": {"tenantId": "72f988bf-86f1-41af-91ab-2d7cd011db47",
      "sku": {"family": "A", "name": "standard"}, "accessPolicies": [], "enableSoftDelete":
      true, "softDeleteRetentionInDays": 90, "enableRbacAuthorization": true, "networkAcls":
      {"bypass": "AzureServices", "defaultAction": "Allow"}}}'
    headers:
      Accept:
      - application/json
      Accept-Encoding:
      - gzip, deflate
      CommandName:
      - keyvault create
      Connection:
      - keep-alive
      Content-Length:
      - '318'
      Content-Type:
      - application/json
      ParameterSetName:
      - --resource-group --location --name --enable-rbac-authorization
      User-Agent:
      - AZURECLI/2.57.0 azsdk-python-core/1.28.0 Python/3.11.5 (macOS-14.3-x86_64-i386-64bit)
    method: PUT
    uri: https://management.azure.com/subscriptions/00000000-0000-0000-0000-000000000000/resourceGroups/clitest000001/providers/Microsoft.KeyVault/vaults/cliakstestkv000002?api-version=2023-02-01
  response:
    body:
      string: '{"id":"/subscriptions/00000000-0000-0000-0000-000000000000/resourceGroups/clitest000001/providers/Microsoft.KeyVault/vaults/cliakstestkv000002","name":"cliakstestkv000002","type":"Microsoft.KeyVault/vaults","location":"eastus","tags":{},"systemData":{"createdBy":"brfole@microsoft.com","createdByType":"User","createdAt":"2024-02-26T21:02:07.29Z","lastModifiedBy":"brfole@microsoft.com","lastModifiedByType":"User","lastModifiedAt":"2024-02-26T21:02:07.29Z"},"properties":{"sku":{"family":"A","name":"standard"},"tenantId":"72f988bf-86f1-41af-91ab-2d7cd011db47","accessPolicies":[],"enabledForDeployment":false,"enableSoftDelete":true,"softDeleteRetentionInDays":90,"enableRbacAuthorization":true,"vaultUri":"https://cliakstestkv000002.vault.azure.net","provisioningState":"RegisteringDns","publicNetworkAccess":"Enabled"}}'
    headers:
      cache-control:
      - no-cache
      content-length:
      - '823'
      content-type:
      - application/json; charset=utf-8
      date:
      - Mon, 26 Feb 2024 21:02:08 GMT
      expires:
      - '-1'
      pragma:
      - no-cache
      strict-transport-security:
      - max-age=31536000; includeSubDomains
      x-aspnet-version:
      - 4.0.30319
      x-cache:
      - CONFIG_NOCACHE
      x-content-type-options:
      - nosniff
      x-ms-keyvault-service-version:
      - 1.5.1086.0
      x-ms-ratelimit-remaining-subscription-writes:
      - '1199'
      x-msedge-ref:
      - 'Ref A: 455963CA752E42F38760795D56059C88 Ref B: BN1AA2051015031 Ref C: 2024-02-26T21:02:06Z'
    status:
      code: 200
      message: OK
- request:
    body: null
    headers:
      Accept:
      - '*/*'
      Accept-Encoding:
      - gzip, deflate
      CommandName:
      - keyvault create
      Connection:
      - keep-alive
      ParameterSetName:
      - --resource-group --location --name --enable-rbac-authorization
      User-Agent:
      - AZURECLI/2.57.0 azsdk-python-core/1.28.0 Python/3.11.5 (macOS-14.3-x86_64-i386-64bit)
    method: GET
    uri: https://management.azure.com/subscriptions/00000000-0000-0000-0000-000000000000/resourceGroups/clitest000001/providers/Microsoft.KeyVault/vaults/cliakstestkv000002?api-version=2023-02-01
  response:
    body:
      string: '{"id":"/subscriptions/00000000-0000-0000-0000-000000000000/resourceGroups/clitest000001/providers/Microsoft.KeyVault/vaults/cliakstestkv000002","name":"cliakstestkv000002","type":"Microsoft.KeyVault/vaults","location":"eastus","tags":{},"systemData":{"createdBy":"brfole@microsoft.com","createdByType":"User","createdAt":"2024-02-26T21:02:07.29Z","lastModifiedBy":"brfole@microsoft.com","lastModifiedByType":"User","lastModifiedAt":"2024-02-26T21:02:07.29Z"},"properties":{"sku":{"family":"A","name":"standard"},"tenantId":"72f988bf-86f1-41af-91ab-2d7cd011db47","accessPolicies":[],"enabledForDeployment":false,"enableSoftDelete":true,"softDeleteRetentionInDays":90,"enableRbacAuthorization":true,"vaultUri":"https://cliakstestkv000002.vault.azure.net/","provisioningState":"RegisteringDns","publicNetworkAccess":"Enabled"}}'
    headers:
      cache-control:
      - no-cache
      content-length:
      - '824'
      content-type:
      - application/json; charset=utf-8
      date:
      - Mon, 26 Feb 2024 21:02:08 GMT
      expires:
      - '-1'
      pragma:
      - no-cache
      strict-transport-security:
      - max-age=31536000; includeSubDomains
      x-aspnet-version:
      - 4.0.30319
      x-cache:
      - CONFIG_NOCACHE
      x-content-type-options:
      - nosniff
      x-ms-keyvault-service-version:
      - 1.5.1086.0
      x-msedge-ref:
      - 'Ref A: BD6927CCC2564DBFB72E93D7AA00A9A8 Ref B: BN1AA2051015031 Ref C: 2024-02-26T21:02:08Z'
    status:
      code: 200
      message: OK
- request:
    body: null
    headers:
      Accept:
      - '*/*'
      Accept-Encoding:
      - gzip, deflate
      CommandName:
      - keyvault create
      Connection:
      - keep-alive
      ParameterSetName:
      - --resource-group --location --name --enable-rbac-authorization
      User-Agent:
      - AZURECLI/2.57.0 azsdk-python-core/1.28.0 Python/3.11.5 (macOS-14.3-x86_64-i386-64bit)
    method: GET
    uri: https://management.azure.com/subscriptions/00000000-0000-0000-0000-000000000000/resourceGroups/clitest000001/providers/Microsoft.KeyVault/vaults/cliakstestkv000002?api-version=2023-02-01
  response:
    body:
      string: '{"id":"/subscriptions/00000000-0000-0000-0000-000000000000/resourceGroups/clitest000001/providers/Microsoft.KeyVault/vaults/cliakstestkv000002","name":"cliakstestkv000002","type":"Microsoft.KeyVault/vaults","location":"eastus","tags":{},"systemData":{"createdBy":"brfole@microsoft.com","createdByType":"User","createdAt":"2024-02-26T21:02:07.29Z","lastModifiedBy":"brfole@microsoft.com","lastModifiedByType":"User","lastModifiedAt":"2024-02-26T21:02:07.29Z"},"properties":{"sku":{"family":"A","name":"standard"},"tenantId":"72f988bf-86f1-41af-91ab-2d7cd011db47","accessPolicies":[],"enabledForDeployment":false,"enableSoftDelete":true,"softDeleteRetentionInDays":90,"enableRbacAuthorization":true,"vaultUri":"https://cliakstestkv000002.vault.azure.net/","provisioningState":"Succeeded","publicNetworkAccess":"Enabled"}}'
    headers:
      cache-control:
      - no-cache
      content-length:
      - '819'
      content-type:
      - application/json; charset=utf-8
      date:
      - Mon, 26 Feb 2024 21:02:38 GMT
      expires:
      - '-1'
      pragma:
      - no-cache
      strict-transport-security:
      - max-age=31536000; includeSubDomains
      x-aspnet-version:
      - 4.0.30319
      x-cache:
      - CONFIG_NOCACHE
      x-content-type-options:
      - nosniff
      x-ms-keyvault-service-version:
      - 1.5.1086.0
      x-msedge-ref:
      - 'Ref A: 8B79A7A6669747A1B3463D67F93EFD11 Ref B: BN1AA2051015031 Ref C: 2024-02-26T21:02:38Z'
    status:
      code: 200
      message: OK
version: 1
